// Jest Snapshot v1, https://goo.gl/fbAQLP

exports[`Pruebas en el componente <GifItem /> Debe hace match con el snapshot 1`] = `
<div>
  <div
    class="card"
  >
    <img
      alt="Soy un titulo"
      src="https://google.com/"
    />
    <p>
      Soy un titulo
    </p>
  </div>
</div>
`;
